// Jest Snapshot v1, https://goo.gl/fbAQLP

exports[`App component should rendur app with error 1`] = `
<DocumentFragment>
  <div>
    my first componemt
  </div>
</DocumentFragment>
`;
